=====================================
Test filter pattern: -run 3D
Test target: raft1
Total execution rounds: 100
Maximum parallel jobs: 5
Log storage directory: /home/zaxy/studyspace/projects/6.5840/src/debug_log
=====================================
Building raft1 daemon once...
[Round 1] Starting, log: /home/zaxy/studyspace/projects/6.5840/src/debug_log/debug_log_round1_20260810_001210.354521706.log
[Round 2] Starting, log: /home/zaxy/studyspace/projects/6.5840/src/debug_log/debug_log_round2_20260810_001210.355538931.log
[Round 3] Starting, log: /home/zaxy/studyspace/projects/6.5840/src/debug_log/debug_log_round3_20260810_001210.356668854.log
[Round 4] Starting, log: /home/zaxy/studyspace/projects/6.5840/src/debug_log/debug_log_round4_20260810_001210.357729885.log
[Round 5] Starting, log: /home/zaxy/studyspace/projects/6.5840/src/debug_log/debug_log_round5_20260810_001210.358922322.log
[Round 1] PASS
[Round 1] Removed passed log: /home/zaxy/studyspace/projects/6.5840/src/debug_log/debug_log_round1_20260810_001210.354521706.log
[Round 6] Starting, log: /home/zaxy/studyspace/projects/6.5840/src/debug_log/debug_log_round6_20260810_001551.501966807.log
[Round 2] PASS
[Round 2] Removed passed log: /home/zaxy/studyspace/projects/6.5840/src/debug_log/debug_log_round2_20260810_001210.355538931.log
[Round 7] Starting, log: /home/zaxy/studyspace/projects/6.5840/src/debug_log/debug_log_round7_20260810_001551.516215341.log
[Round 3] PASS
[Round 3] Removed passed log: /home/zaxy/studyspace/projects/6.5840/src/debug_log/debug_log_round3_20260810_001210.356668854.log
[Round 8] Starting, log: /home/zaxy/studyspace/projects/6.5840/src/debug_log/debug_log_round8_20260810_001600.143979287.log
[Round 4] PASS
[Round 4] Removed passed log: /home/zaxy/studyspace/projects/6.5840/src/debug_log/debug_log_round4_20260810_001210.357729885.log
[Round 9] Starting, log: /home/zaxy/studyspace/projects/6.5840/src/debug_log/debug_log_round9_20260810_001600.159294980.log
[Round 5] PASS
[Round 5] Removed passed log: /home/zaxy/studyspace/projects/6.5840/src/debug_log/debug_log_round5_20260810_001210.358922322.log
[Round 10] Starting, log: /home/zaxy/studyspace/projects/6.5840/src/debug_log/debug_log_round10_20260810_001600.173842335.log
[Round 6] PASS
[Round 6] Removed passed log: /home/zaxy/studyspace/projects/6.5840/src/debug_log/debug_log_round6_20260810_001551.501966807.log
[Round 11] Starting, log: /home/zaxy/studyspace/projects/6.5840/src/debug_log/debug_log_round11_20260810_001929.230118783.log
[Round 7] PASS
[Round 7] Removed passed log: /home/zaxy/studyspace/projects/6.5840/src/debug_log/debug_log_round7_20260810_001551.516215341.log
[Round 12] Starting, log: /home/zaxy/studyspace/projects/6.5840/src/debug_log/debug_log_round12_20260810_001929.245429524.log
[Round 8] PASS
[Round 8] Removed passed log: /home/zaxy/studyspace/projects/6.5840/src/debug_log/debug_log_round8_20260810_001600.143979287.log
[Round 13] Starting, log: /home/zaxy/studyspace/projects/6.5840/src/debug_log/debug_log_round13_20260810_001948.330952554.log
[Round 9] PASS
[Round 9] Removed passed log: /home/zaxy/studyspace/projects/6.5840/src/debug_log/debug_log_round9_20260810_001600.159294980.log
[Round 14] Starting, log: /home/zaxy/studyspace/projects/6.5840/src/debug_log/debug_log_round14_20260810_001948.343768685.log
[Round 10] PASS
[Round 10] Removed passed log: /home/zaxy/studyspace/projects/6.5840/src/debug_log/debug_log_round10_20260810_001600.173842335.log
[Round 15] Starting, log: /home/zaxy/studyspace/projects/6.5840/src/debug_log/debug_log_round15_20260810_001948.357749139.log
[Round 11] PASS
[Round 11] Removed passed log: /home/zaxy/studyspace/projects/6.5840/src/debug_log/debug_log_round11_20260810_001929.230118783.log
[Round 16] Starting, log: /home/zaxy/studyspace/projects/6.5840/src/debug_log/debug_log_round16_20260810_002309.088112717.log
[Round 12] PASS
[Round 12] Removed passed log: /home/zaxy/studyspace/projects/6.5840/src/debug_log/debug_log_round12_20260810_001929.245429524.log
[Round 17] Starting, log: /home/zaxy/studyspace/projects/6.5840/src/debug_log/debug_log_round17_20260810_002309.108510611.log
[Round 13] PASS
[Round 13] Removed passed log: /home/zaxy/studyspace/projects/6.5840/src/debug_log/debug_log_round13_20260810_001948.330952554.log
[Round 18] Starting, log: /home/zaxy/studyspace/projects/6.5840/src/debug_log/debug_log_round18_20260810_002328.362809818.log
[Round 14] PASS
[Round 14] Removed passed log: /home/zaxy/studyspace/projects/6.5840/src/debug_log/debug_log_round14_20260810_001948.343768685.log
[Round 19] Starting, log: /home/zaxy/studyspace/projects/6.5840/src/debug_log/debug_log_round19_20260810_002340.501938632.log
[Round 15] PASS
[Round 15] Removed passed log: /home/zaxy/studyspace/projects/6.5840/src/debug_log/debug_log_round15_20260810_001948.357749139.log
[Round 20] Starting, log: /home/zaxy/studyspace/projects/6.5840/src/debug_log/debug_log_round20_20260810_002340.516161902.log
[Round 16] PASS
[Round 16] Removed passed log: /home/zaxy/studyspace/projects/6.5840/src/debug_log/debug_log_round16_20260810_002309.088112717.log
[Round 21] Starting, log: /home/zaxy/studyspace/projects/6.5840/src/debug_log/debug_log_round21_20260810_002643.169804426.log
[Round 17] PASS
[Round 17] Removed passed log: /home/zaxy/studyspace/projects/6.5840/src/debug_log/debug_log_round17_20260810_002309.108510611.log
[Round 22] Starting, log: /home/zaxy/studyspace/projects/6.5840/src/debug_log/debug_log_round22_20260810_002648.292200299.log
[Round 18] PASS
[Round 18] Removed passed log: /home/zaxy/studyspace/projects/6.5840/src/debug_log/debug_log_round18_20260810_002328.362809818.log
[Round 23] Starting, log: /home/zaxy/studyspace/projects/6.5840/src/debug_log/debug_log_round23_20260810_002708.799014027.log
[Round 19] PASS
[Round 19] Removed passed log: /home/zaxy/studyspace/projects/6.5840/src/debug_log/debug_log_round19_20260810_002340.501938632.log
[Round 24] Starting, log: /home/zaxy/studyspace/projects/6.5840/src/debug_log/debug_log_round24_20260810_002725.708376273.log
[Round 20] PASS
[Round 20] Removed passed log: /home/zaxy/studyspace/projects/6.5840/src/debug_log/debug_log_round20_20260810_002340.516161902.log
[Round 25] Starting, log: /home/zaxy/studyspace/projects/6.5840/src/debug_log/debug_log_round25_20260810_002725.722730992.log
[Round 21] PASS
[Round 21] Removed passed log: /home/zaxy/studyspace/projects/6.5840/src/debug_log/debug_log_round21_20260810_002643.169804426.log
[Round 26] Starting, log: /home/zaxy/studyspace/projects/6.5840/src/debug_log/debug_log_round26_20260810_003017.458438613.log
[Round 22] PASS
[Round 22] Removed passed log: /home/zaxy/studyspace/projects/6.5840/src/debug_log/debug_log_round22_20260810_002648.292200299.log
[Round 27] Starting, log: /home/zaxy/studyspace/projects/6.5840/src/debug_log/debug_log_round27_20260810_003037.826040736.log
[Round 23] PASS
[Round 23] Removed passed log: /home/zaxy/studyspace/projects/6.5840/src/debug_log/debug_log_round23_20260810_002708.799014027.log
[Round 28] Starting, log: /home/zaxy/studyspace/projects/6.5840/src/debug_log/debug_log_round28_20260810_003056.682381183.log
[Round 24] PASS
[Round 24] Removed passed log: /home/zaxy/studyspace/projects/6.5840/src/debug_log/debug_log_round24_20260810_002725.708376273.log
[Round 29] Starting, log: /home/zaxy/studyspace/projects/6.5840/src/debug_log/debug_log_round29_20260810_003119.077876845.log
[Round 25] PASS
[Round 25] Removed passed log: /home/zaxy/studyspace/projects/6.5840/src/debug_log/debug_log_round25_20260810_002725.722730992.log
[Round 30] Starting, log: /home/zaxy/studyspace/projects/6.5840/src/debug_log/debug_log_round30_20260810_003119.092761368.log
[Round 26] PASS
[Round 26] Removed passed log: /home/zaxy/studyspace/projects/6.5840/src/debug_log/debug_log_round26_20260810_003017.458438613.log
[Round 31] Starting, log: /home/zaxy/studyspace/projects/6.5840/src/debug_log/debug_log_round31_20260810_003411.054166998.log
[Round 27] PASS
[Round 27] Removed passed log: /home/zaxy/studyspace/projects/6.5840/src/debug_log/debug_log_round27_20260810_003037.826040736.log
[Round 32] Starting, log: /home/zaxy/studyspace/projects/6.5840/src/debug_log/debug_log_round32_20260810_003427.302973344.log
[Round 28] PASS
[Round 28] Removed passed log: /home/zaxy/studyspace/projects/6.5840/src/debug_log/debug_log_round28_20260810_003056.682381183.log
[Round 33] Starting, log: /home/zaxy/studyspace/projects/6.5840/src/debug_log/debug_log_round33_20260810_003450.548272981.log
[Round 29] PASS
[Round 29] Removed passed log: /home/zaxy/studyspace/projects/6.5840/src/debug_log/debug_log_round29_20260810_003119.077876845.log
[Round 34] Starting, log: /home/zaxy/studyspace/projects/6.5840/src/debug_log/debug_log_round34_20260810_003501.346837366.log
[Round 30] PASS
[Round 30] Removed passed log: /home/zaxy/studyspace/projects/6.5840/src/debug_log/debug_log_round30_20260810_003119.092761368.log
[Round 35] Starting, log: /home/zaxy/studyspace/projects/6.5840/src/debug_log/debug_log_round35_20260810_003519.404069799.log
[Round 31] PASS
[Round 31] Removed passed log: /home/zaxy/studyspace/projects/6.5840/src/debug_log/debug_log_round31_20260810_003411.054166998.log
[Round 36] Starting, log: /home/zaxy/studyspace/projects/6.5840/src/debug_log/debug_log_round36_20260810_003753.737182794.log
[Round 32] PASS
[Round 32] Removed passed log: /home/zaxy/studyspace/projects/6.5840/src/debug_log/debug_log_round32_20260810_003427.302973344.log
[Round 37] Starting, log: /home/zaxy/studyspace/projects/6.5840/src/debug_log/debug_log_round37_20260810_003813.724819547.log
[Round 33] PASS
[Round 33] Removed passed log: /home/zaxy/studyspace/projects/6.5840/src/debug_log/debug_log_round33_20260810_003450.548272981.log
[Round 38] Starting, log: /home/zaxy/studyspace/projects/6.5840/src/debug_log/debug_log_round38_20260810_003840.272024788.log
[Round 34] PASS
[Round 34] Removed passed log: /home/zaxy/studyspace/projects/6.5840/src/debug_log/debug_log_round34_20260810_003501.346837366.log
[Round 39] Starting, log: /home/zaxy/studyspace/projects/6.5840/src/debug_log/debug_log_round39_20260810_003847.849608736.log
[Round 35] PASS
[Round 35] Removed passed log: /home/zaxy/studyspace/projects/6.5840/src/debug_log/debug_log_round35_20260810_003519.404069799.log
[Round 40] Starting, log: /home/zaxy/studyspace/projects/6.5840/src/debug_log/debug_log_round40_20260810_003907.132457532.log
[Round 36] PASS
[Round 36] Removed passed log: /home/zaxy/studyspace/projects/6.5840/src/debug_log/debug_log_round36_20260810_003753.737182794.log
[Round 41] Starting, log: /home/zaxy/studyspace/projects/6.5840/src/debug_log/debug_log_round41_20260810_004138.162139428.log
[Round 37] PASS
[Round 37] Removed passed log: /home/zaxy/studyspace/projects/6.5840/src/debug_log/debug_log_round37_20260810_003813.724819547.log
[Round 42] Starting, log: /home/zaxy/studyspace/projects/6.5840/src/debug_log/debug_log_round42_20260810_004202.810650034.log
[Round 38] PASS
[Round 38] Removed passed log: /home/zaxy/studyspace/projects/6.5840/src/debug_log/debug_log_round38_20260810_003840.272024788.log
[Round 43] Starting, log: /home/zaxy/studyspace/projects/6.5840/src/debug_log/debug_log_round43_20260810_004233.201878161.log
[Round 39] PASS
[Round 39] Removed passed log: /home/zaxy/studyspace/projects/6.5840/src/debug_log/debug_log_round39_20260810_003847.849608736.log
[Round 44] Starting, log: /home/zaxy/studyspace/projects/6.5840/src/debug_log/debug_log_round44_20260810_004238.701800256.log
[Round 40] PASS
[Round 40] Removed passed log: /home/zaxy/studyspace/projects/6.5840/src/debug_log/debug_log_round40_20260810_003907.132457532.log
[Round 45] Starting, log: /home/zaxy/studyspace/projects/6.5840/src/debug_log/debug_log_round45_20260810_004257.954845653.log
[Round 41] PASS
[Round 41] Removed passed log: /home/zaxy/studyspace/projects/6.5840/src/debug_log/debug_log_round41_20260810_004138.162139428.log
[Round 46] Starting, log: /home/zaxy/studyspace/projects/6.5840/src/debug_log/debug_log_round46_20260810_004520.530601476.log
[Round 42] PASS
[Round 42] Removed passed log: /home/zaxy/studyspace/projects/6.5840/src/debug_log/debug_log_round42_20260810_004202.810650034.log
[Round 47] Starting, log: /home/zaxy/studyspace/projects/6.5840/src/debug_log/debug_log_round47_20260810_004559.567357409.log
[Round 43] PASS
[Round 43] Removed passed log: /home/zaxy/studyspace/projects/6.5840/src/debug_log/debug_log_round43_20260810_004233.201878161.log
[Round 48] Starting, log: /home/zaxy/studyspace/projects/6.5840/src/debug_log/debug_log_round48_20260810_004622.250813667.log
[Round 44] PASS
[Round 44] Removed passed log: /home/zaxy/studyspace/projects/6.5840/src/debug_log/debug_log_round44_20260810_004238.701800256.log
[Round 49] Starting, log: /home/zaxy/studyspace/projects/6.5840/src/debug_log/debug_log_round49_20260810_004622.264494586.log
[Round 45] PASS
[Round 45] Removed passed log: /home/zaxy/studyspace/projects/6.5840/src/debug_log/debug_log_round45_20260810_004257.954845653.log
[Round 50] Starting, log: /home/zaxy/studyspace/projects/6.5840/src/debug_log/debug_log_round50_20260810_004649.900929533.log
[Round 46] PASS
[Round 46] Removed passed log: /home/zaxy/studyspace/projects/6.5840/src/debug_log/debug_log_round46_20260810_004520.530601476.log
[Round 51] Starting, log: /home/zaxy/studyspace/projects/6.5840/src/debug_log/debug_log_round51_20260810_004908.456988367.log
[Round 47] PASS
[Round 47] Removed passed log: /home/zaxy/studyspace/projects/6.5840/src/debug_log/debug_log_round47_20260810_004559.567357409.log
[Round 52] Starting, log: /home/zaxy/studyspace/projects/6.5840/src/debug_log/debug_log_round52_20260810_004949.578285946.log
[Round 48] PASS
[Round 48] Removed passed log: /home/zaxy/studyspace/projects/6.5840/src/debug_log/debug_log_round48_20260810_004622.250813667.log
[Round 53] Starting, log: /home/zaxy/studyspace/projects/6.5840/src/debug_log/debug_log_round53_20260810_005003.399459804.log
[Round 49] PASS
[Round 49] Removed passed log: /home/zaxy/studyspace/projects/6.5840/src/debug_log/debug_log_round49_20260810_004622.264494586.log
[Round 54] Starting, log: /home/zaxy/studyspace/projects/6.5840/src/debug_log/debug_log_round54_20260810_005004.979373693.log
[Round 50] PASS
[Round 50] Removed passed log: /home/zaxy/studyspace/projects/6.5840/src/debug_log/debug_log_round50_20260810_004649.900929533.log
[Round 55] Starting, log: /home/zaxy/studyspace/projects/6.5840/src/debug_log/debug_log_round55_20260810_005032.582753003.log
[Round 51] PASS
[Round 51] Removed passed log: /home/zaxy/studyspace/projects/6.5840/src/debug_log/debug_log_round51_20260810_004908.456988367.log
[Round 56] Starting, log: /home/zaxy/studyspace/projects/6.5840/src/debug_log/debug_log_round56_20260810_005253.849682260.log
[Round 52] PASS
[Round 52] Removed passed log: /home/zaxy/studyspace/projects/6.5840/src/debug_log/debug_log_round52_20260810_004949.578285946.log
[Round 57] Starting, log: /home/zaxy/studyspace/projects/6.5840/src/debug_log/debug_log_round57_20260810_005327.181379044.log
[Round 53] PASS
[Round 53] Removed passed log: /home/zaxy/studyspace/projects/6.5840/src/debug_log/debug_log_round53_20260810_005003.399459804.log
[Round 58] Starting, log: /home/zaxy/studyspace/projects/6.5840/src/debug_log/debug_log_round58_20260810_005350.948141927.log
[Round 54] PASS
[Round 54] Removed passed log: /home/zaxy/studyspace/projects/6.5840/src/debug_log/debug_log_round54_20260810_005004.979373693.log
[Round 59] Starting, log: /home/zaxy/studyspace/projects/6.5840/src/debug_log/debug_log_round59_20260810_005350.961700543.log
[Round 55] PASS
[Round 55] Removed passed log: /home/zaxy/studyspace/projects/6.5840/src/debug_log/debug_log_round55_20260810_005032.582753003.log
[Round 60] Starting, log: /home/zaxy/studyspace/projects/6.5840/src/debug_log/debug_log_round60_20260810_005430.788337243.log
[Round 56] PASS
[Round 56] Removed passed log: /home/zaxy/studyspace/projects/6.5840/src/debug_log/debug_log_round56_20260810_005253.849682260.log
[Round 61] Starting, log: /home/zaxy/studyspace/projects/6.5840/src/debug_log/debug_log_round61_20260810_005630.416171829.log
[Round 57] PASS
[Round 57] Removed passed log: /home/zaxy/studyspace/projects/6.5840/src/debug_log/debug_log_round57_20260810_005327.181379044.log
[Round 62] Starting, log: /home/zaxy/studyspace/projects/6.5840/src/debug_log/debug_log_round62_20260810_005714.425606624.log
[Round 58] PASS
[Round 58] Removed passed log: /home/zaxy/studyspace/projects/6.5840/src/debug_log/debug_log_round58_20260810_005350.948141927.log
[Round 63] Starting, log: /home/zaxy/studyspace/projects/6.5840/src/debug_log/debug_log_round63_20260810_005747.217856711.log
[Round 59] PASS
[Round 59] Removed passed log: /home/zaxy/studyspace/projects/6.5840/src/debug_log/debug_log_round59_20260810_005350.961700543.log
[Round 64] Starting, log: /home/zaxy/studyspace/projects/6.5840/src/debug_log/debug_log_round64_20260810_005747.232725639.log
[Round 60] PASS
[Round 60] Removed passed log: /home/zaxy/studyspace/projects/6.5840/src/debug_log/debug_log_round60_20260810_005430.788337243.log
[Round 65] Starting, log: /home/zaxy/studyspace/projects/6.5840/src/debug_log/debug_log_round65_20260810_005816.569723219.log
[Round 61] PASS
[Round 61] Removed passed log: /home/zaxy/studyspace/projects/6.5840/src/debug_log/debug_log_round61_20260810_005630.416171829.log
[Round 66] Starting, log: /home/zaxy/studyspace/projects/6.5840/src/debug_log/debug_log_round66_20260810_010009.154449364.log
[Round 62] PASS
[Round 62] Removed passed log: /home/zaxy/studyspace/projects/6.5840/src/debug_log/debug_log_round62_20260810_005714.425606624.log
[Round 67] Starting, log: /home/zaxy/studyspace/projects/6.5840/src/debug_log/debug_log_round67_20260810_010105.683128790.log
[Round 63] PASS
[Round 63] Removed passed log: /home/zaxy/studyspace/projects/6.5840/src/debug_log/debug_log_round63_20260810_005747.217856711.log
[Round 68] Starting, log: /home/zaxy/studyspace/projects/6.5840/src/debug_log/debug_log_round68_20260810_010135.662700786.log
[Round 64] PASS
[Round 64] Removed passed log: /home/zaxy/studyspace/projects/6.5840/src/debug_log/debug_log_round64_20260810_005747.232725639.log
[Round 69] Starting, log: /home/zaxy/studyspace/projects/6.5840/src/debug_log/debug_log_round69_20260810_010141.626364787.log
[Round 65] PASS
[Round 65] Removed passed log: /home/zaxy/studyspace/projects/6.5840/src/debug_log/debug_log_round65_20260810_005816.569723219.log
[Round 70] Starting, log: /home/zaxy/studyspace/projects/6.5840/src/debug_log/debug_log_round70_20260810_010204.178168743.log
[Round 66] PASS
[Round 66] Removed passed log: /home/zaxy/studyspace/projects/6.5840/src/debug_log/debug_log_round66_20260810_010009.154449364.log
[Round 71] Starting, log: /home/zaxy/studyspace/projects/6.5840/src/debug_log/debug_log_round71_20260810_010345.355341347.log
[Round 67] PASS
[Round 67] Removed passed log: /home/zaxy/studyspace/projects/6.5840/src/debug_log/debug_log_round67_20260810_010105.683128790.log
[Round 72] Starting, log: /home/zaxy/studyspace/projects/6.5840/src/debug_log/debug_log_round72_20260810_010450.065928014.log
[Round 68] PASS
[Round 68] Removed passed log: /home/zaxy/studyspace/projects/6.5840/src/debug_log/debug_log_round68_20260810_010135.662700786.log
[Round 73] Starting, log: /home/zaxy/studyspace/projects/6.5840/src/debug_log/debug_log_round73_20260810_010529.025984007.log
[Round 69] PASS
[Round 69] Removed passed log: /home/zaxy/studyspace/projects/6.5840/src/debug_log/debug_log_round69_20260810_010141.626364787.log
[Round 74] Starting, log: /home/zaxy/studyspace/projects/6.5840/src/debug_log/debug_log_round74_20260810_010529.039307792.log
[Round 70] PASS
[Round 70] Removed passed log: /home/zaxy/studyspace/projects/6.5840/src/debug_log/debug_log_round70_20260810_010204.178168743.log
[Round 75] Starting, log: /home/zaxy/studyspace/projects/6.5840/src/debug_log/debug_log_round75_20260810_010544.428908069.log
[Round 71] PASS
[Round 71] Removed passed log: /home/zaxy/studyspace/projects/6.5840/src/debug_log/debug_log_round71_20260810_010345.355341347.log
[Round 76] Starting, log: /home/zaxy/studyspace/projects/6.5840/src/debug_log/debug_log_round76_20260810_010725.355354038.log
[Round 72] PASS
[Round 72] Removed passed log: /home/zaxy/studyspace/projects/6.5840/src/debug_log/debug_log_round72_20260810_010450.065928014.log
[Round 77] Starting, log: /home/zaxy/studyspace/projects/6.5840/src/debug_log/debug_log_round77_20260810_010824.181105019.log
[Round 73] PASS
[Round 73] Removed passed log: /home/zaxy/studyspace/projects/6.5840/src/debug_log/debug_log_round73_20260810_010529.025984007.log
[Round 78] Starting, log: /home/zaxy/studyspace/projects/6.5840/src/debug_log/debug_log_round78_20260810_010921.057146785.log
[Round 74] PASS
[Round 74] Removed passed log: /home/zaxy/studyspace/projects/6.5840/src/debug_log/debug_log_round74_20260810_010529.039307792.log
[Round 79] Starting, log: /home/zaxy/studyspace/projects/6.5840/src/debug_log/debug_log_round79_20260810_010921.070542534.log
[Round 75] PASS
[Round 75] Removed passed log: /home/zaxy/studyspace/projects/6.5840/src/debug_log/debug_log_round75_20260810_010544.428908069.log
[Round 80] Starting, log: /home/zaxy/studyspace/projects/6.5840/src/debug_log/debug_log_round80_20260810_010923.163255620.log
[Round 76] PASS
[Round 76] Removed passed log: /home/zaxy/studyspace/projects/6.5840/src/debug_log/debug_log_round76_20260810_010725.355354038.log
[Round 81] Starting, log: /home/zaxy/studyspace/projects/6.5840/src/debug_log/debug_log_round81_20260810_011104.083575527.log
[Round 77] PASS
[Round 77] Removed passed log: /home/zaxy/studyspace/projects/6.5840/src/debug_log/debug_log_round77_20260810_010824.181105019.log
[Round 82] Starting, log: /home/zaxy/studyspace/projects/6.5840/src/debug_log/debug_log_round82_20260810_011201.345603770.log
[Round 78] PASS
[Round 78] Removed passed log: /home/zaxy/studyspace/projects/6.5840/src/debug_log/debug_log_round78_20260810_010921.057146785.log
[Round 83] Starting, log: /home/zaxy/studyspace/projects/6.5840/src/debug_log/debug_log_round83_20260810_011306.763389504.log
[Round 79] PASS
[Round 79] Removed passed log: /home/zaxy/studyspace/projects/6.5840/src/debug_log/debug_log_round79_20260810_010921.070542534.log
[Round 84] Starting, log: /home/zaxy/studyspace/projects/6.5840/src/debug_log/debug_log_round84_20260810_011308.739966510.log
[Round 80] PASS
[Round 80] Removed passed log: /home/zaxy/studyspace/projects/6.5840/src/debug_log/debug_log_round80_20260810_010923.163255620.log
[Round 85] Starting, log: /home/zaxy/studyspace/projects/6.5840/src/debug_log/debug_log_round85_20260810_011308.757710107.log
[Round 81] PASS
[Round 81] Removed passed log: /home/zaxy/studyspace/projects/6.5840/src/debug_log/debug_log_round81_20260810_011104.083575527.log
[Round 86] Starting, log: /home/zaxy/studyspace/projects/6.5840/src/debug_log/debug_log_round86_20260810_011445.639999856.log
[Round 82] PASS
[Round 82] Removed passed log: /home/zaxy/studyspace/projects/6.5840/src/debug_log/debug_log_round82_20260810_011201.345603770.log
[Round 87] Starting, log: /home/zaxy/studyspace/projects/6.5840/src/debug_log/debug_log_round87_20260810_011546.525747854.log
[Round 83] PASS
[Round 83] Removed passed log: /home/zaxy/studyspace/projects/6.5840/src/debug_log/debug_log_round83_20260810_011306.763389504.log
[Round 88] Starting, log: /home/zaxy/studyspace/projects/6.5840/src/debug_log/debug_log_round88_20260810_011653.417365187.log
[Round 84] PASS
[Round 84] Removed passed log: /home/zaxy/studyspace/projects/6.5840/src/debug_log/debug_log_round84_20260810_011308.739966510.log
[Round 89] Starting, log: /home/zaxy/studyspace/projects/6.5840/src/debug_log/debug_log_round89_20260810_011653.432547240.log
[Round 85] PASS
[Round 85] Removed passed log: /home/zaxy/studyspace/projects/6.5840/src/debug_log/debug_log_round85_20260810_011308.757710107.log
[Round 90] Starting, log: /home/zaxy/studyspace/projects/6.5840/src/debug_log/debug_log_round90_20260810_011653.446252031.log
[Round 86] PASS
[Round 86] Removed passed log: /home/zaxy/studyspace/projects/6.5840/src/debug_log/debug_log_round86_20260810_011445.639999856.log
[Round 91] Starting, log: /home/zaxy/studyspace/projects/6.5840/src/debug_log/debug_log_round91_20260810_011836.069924560.log
[Round 87] PASS
[Round 87] Removed passed log: /home/zaxy/studyspace/projects/6.5840/src/debug_log/debug_log_round87_20260810_011546.525747854.log
[Round 92] Starting, log: /home/zaxy/studyspace/projects/6.5840/src/debug_log/debug_log_round92_20260810_011926.440253541.log
[Round 88] PASS
[Round 88] Removed passed log: /home/zaxy/studyspace/projects/6.5840/src/debug_log/debug_log_round88_20260810_011653.417365187.log
[Round 93] Starting, log: /home/zaxy/studyspace/projects/6.5840/src/debug_log/debug_log_round93_20260810_012051.168912593.log
[Round 89] PASS
[Round 89] Removed passed log: /home/zaxy/studyspace/projects/6.5840/src/debug_log/debug_log_round89_20260810_011653.432547240.log
[Round 94] Starting, log: /home/zaxy/studyspace/projects/6.5840/src/debug_log/debug_log_round94_20260810_012051.185095032.log
[Round 90] PASS
[Round 90] Removed passed log: /home/zaxy/studyspace/projects/6.5840/src/debug_log/debug_log_round90_20260810_011653.446252031.log
[Round 95] Starting, log: /home/zaxy/studyspace/projects/6.5840/src/debug_log/debug_log_round95_20260810_012051.199457482.log
[Round 91] PASS
[Round 91] Removed passed log: /home/zaxy/studyspace/projects/6.5840/src/debug_log/debug_log_round91_20260810_011836.069924560.log
[Round 96] Starting, log: /home/zaxy/studyspace/projects/6.5840/src/debug_log/debug_log_round96_20260810_012220.428190067.log
[Round 92] PASS
[Round 92] Removed passed log: /home/zaxy/studyspace/projects/6.5840/src/debug_log/debug_log_round92_20260810_011926.440253541.log
[Round 97] Starting, log: /home/zaxy/studyspace/projects/6.5840/src/debug_log/debug_log_round97_20260810_012315.369341641.log
[Round 93] PASS
[Round 93] Removed passed log: /home/zaxy/studyspace/projects/6.5840/src/debug_log/debug_log_round93_20260810_012051.168912593.log
[Round 98] Starting, log: /home/zaxy/studyspace/projects/6.5840/src/debug_log/debug_log_round98_20260810_012441.904003662.log
[Round 94] PASS
[Round 94] Removed passed log: /home/zaxy/studyspace/projects/6.5840/src/debug_log/debug_log_round94_20260810_012051.185095032.log
[Round 99] Starting, log: /home/zaxy/studyspace/projects/6.5840/src/debug_log/debug_log_round99_20260810_012441.917521718.log
[Round 95] PASS
[Round 95] Removed passed log: /home/zaxy/studyspace/projects/6.5840/src/debug_log/debug_log_round95_20260810_012051.199457482.log
[Round 100] Starting, log: /home/zaxy/studyspace/projects/6.5840/src/debug_log/debug_log_round100_20260810_012441.931149731.log
[Round 96] PASS
[Round 96] Removed passed log: /home/zaxy/studyspace/projects/6.5840/src/debug_log/debug_log_round96_20260810_012220.428190067.log
[Round 97] PASS
[Round 97] Removed passed log: /home/zaxy/studyspace/projects/6.5840/src/debug_log/debug_log_round97_20260810_012315.369341641.log
[Round 98] PASS
[Round 98] Removed passed log: /home/zaxy/studyspace/projects/6.5840/src/debug_log/debug_log_round98_20260810_012441.904003662.log
[Round 99] PASS
[Round 99] Removed passed log: /home/zaxy/studyspace/projects/6.5840/src/debug_log/debug_log_round99_20260810_012441.917521718.log
[Round 100] PASS
[Round 100] Removed passed log: /home/zaxy/studyspace/projects/6.5840/src/debug_log/debug_log_round100_20260810_012441.931149731.log

All test rounds finished.
Passed rounds: 100
Failed rounds: 0

Average time by test case:
  TestSnapshotAllCrash3D                    16.215s  (100 runs)
  TestSnapshotBasic3D                        5.986s  (100 runs)
  TestSnapshotInit3D                         5.172s  (100 runs)
  TestSnapshotInstall3D                     44.476s  (100 runs)
  TestSnapshotInstallCrash3D                39.906s  (100 runs)
  TestSnapshotInstallUnCrash3D              50.764s  (100 runs)
  TestSnapshotInstallUnreliable3D           61.287s  (100 runs)
Average time sum of all test cases: 223.805s
